src/api/handlers.ts(353,9): error TS18048: 'bet' is possibly 'undefined'.
src/api/handlers.ts(354,13): error TS18048: 'bet' is possibly 'undefined'.
src/api/handlers.ts(355,15): error TS18048: 'bet' is possibly 'undefined'.
src/api/handlers.ts(356,16): error TS18048: 'bet' is possibly 'undefined'.
src/api/handlers.ts(357,13): error TS18048: 'bet' is possibly 'undefined'.
